test_cartan_and_israel_limit (test_b0_limit.B0LimitTest.test_cartan_and_israel_limit) ... ok
test_scope_is_limited (test_b0_limit.B0LimitTest.test_scope_is_limited) ... ok
test_child_components (test_c1_two_methods.C1TwoMethodsTest.test_child_components) ... ok
test_parent_components (test_c1_two_methods.C1TwoMethodsTest.test_parent_components) ... ok
test_n2_and_original_outputs (test_event_reproduction.EventReproductionTest.test_n2_and_original_outputs) ... ok
test_numerical_controls (test_event_reproduction.EventReproductionTest.test_numerical_controls) ... ok
test_energy_condition_scope (test_israel_tensor.IsraelTensorTest.test_energy_condition_scope) ... ok
test_full_mixed_residual (test_israel_tensor.IsraelTensorTest.test_full_mixed_residual) ... ok
test_full_nec_combination_matches_curvature_jump (test_nec_criterion.NecCriterionTest.test_full_nec_combination_matches_curvature_jump) ... ok
test_parent_nec_combination_simplifies (test_nec_criterion.NecCriterionTest.test_parent_nec_combination_simplifies) ... ok
test_static_comoving_surface_tensor (test_nec_criterion.NecCriterionTest.test_static_comoving_surface_tensor) ... ok
test_static_comoving_threshold (test_nec_criterion.NecCriterionTest.test_static_comoving_threshold) ... ok
test_static_isotropic_bulk_witness (test_nec_criterion.NecCriterionTest.test_static_isotropic_bulk_witness) ... ok
test_convention_and_topology_not_confused (test_orientation_invariance.OrientationInvarianceTest.test_convention_and_topology_not_confused) ... ok
test_explicit_branch_table (test_orientation_invariance.OrientationInvarianceTest.test_explicit_branch_table) ... ok
test_one_common_normal_and_retained_side_map (test_orientation_invariance.OrientationInvarianceTest.test_one_common_normal_and_retained_side_map) ... ok
test_exact_calibration_reproduction (test_physical_units.PhysicalUnitsTest.test_exact_calibration_reproduction) ... ok
test_scope (test_physical_units.PhysicalUnitsTest.test_scope) ... ok
test_complete_parent_tensor_agrees (test_regular_chart.RegularChartTest.test_complete_parent_tensor_agrees) ... ok
test_no_time_reversal_inference (test_regular_chart.RegularChartTest.test_no_time_reversal_inference) ... ok
test_local_data_and_constraint (test_s1_constraints.S1ConstraintsTest.test_local_data_and_constraint) ... ok
test_no_global_promotion (test_s1_constraints.S1ConstraintsTest.test_no_global_promotion) ... ok
test_exact_subtraction_and_integral (test_shear_identity.ShearIdentityTest.test_exact_subtraction_and_integral) ... ok
test_all_independent_mixed_einstein_components (test_static_nariai_family.StaticNariaiFamilyTest.test_all_independent_mixed_einstein_components) ... ok
test_comoving_induced_metric_curvature_and_flux (test_static_nariai_family.StaticNariaiFamilyTest.test_comoving_induced_metric_curvature_and_flux) ... ok
test_vacuum_energy_normalization_and_isotropy (test_static_nariai_family.StaticNariaiFamilyTest.test_vacuum_energy_normalization_and_isotropy) ... ok
test_anisotropic_longitudinal_flux (test_surface_conservation.SurfaceConservationTest.test_anisotropic_longitudinal_flux) ... ok
test_c1_flux_closure (test_surface_conservation.SurfaceConservationTest.test_c1_flux_closure) ... ok
test_horizon_is_not_turning_point (test_turning_point.TurningPointTest.test_horizon_is_not_turning_point) ... ok
test_unsolved_exterior_limit (test_turning_point.TurningPointTest.test_unsolved_exterior_limit) ... ok

----------------------------------------------------------------------
Ran 30 tests in 0.494s

OK
